[0.000000] (-) TimerEvent: {}
[0.000285] (mobile_dd_robot) JobQueued: {'identifier': 'mobile_dd_robot', 'dependencies': OrderedDict()}
[0.000316] (mobile_dd_robot) JobStarted: {'identifier': 'mobile_dd_robot'}
[0.006772] (mobile_dd_robot) JobProgress: {'identifier': 'mobile_dd_robot', 'progress': 'cmake'}
[0.007358] (mobile_dd_robot) JobProgress: {'identifier': 'mobile_dd_robot', 'progress': 'build'}
[0.008054] (mobile_dd_robot) Command: {'cmd': ['/usr/bin/cmake', '--build', '/home/siddarth/ws_ddmobile/build/mobile_dd_robot', '--', '-j12', '-l12'], 'cwd': '/home/siddarth/ws_ddmobile/build/mobile_dd_robot', 'env': OrderedDict([('LESSOPEN', '| /usr/bin/lesspipe %s'), ('LANGUAGE', 'en_IN:en'), ('USER', 'siddarth'), ('XDG_SESSION_TYPE', 'wayland'), ('SHLVL', '1'), ('LD_LIBRARY_PATH', '/usr/lib/x86_64-linux-gnu/gazebo-11/plugins:/opt/ros/humble/opt/rviz_ogre_vendor/lib:/opt/ros/humble/lib/x86_64-linux-gnu:/opt/ros/humble/lib'), ('HOME', '/home/siddarth'), ('OLDPWD', '/home/siddarth/ws_ddmobile/src/mobile_dd_robot'), ('DESKTOP_SESSION', 'ubuntu'), ('ROS_PYTHON_VERSION', '3'), ('GNOME_SHELL_SESSION_MODE', 'ubuntu'), ('GTK_MODULES', 'gail:atk-bridge'), ('SYSTEMD_EXEC_PID', '3412'), ('DBUS_SESSION_BUS_ADDRESS', 'unix:path=/run/user/1000/bus'), ('COLORTERM', 'truecolor'), ('IM_CONFIG_PHASE', '1'), ('WAYLAND_DISPLAY', 'wayland-0'), ('ROS_DISTRO', 'humble'), ('LOGNAME', 'siddarth'), ('_', '/usr/bin/colcon'), ('ROS_VERSION', '2'), ('XDG_SESSION_CLASS', 'user'), ('USERNAME', 'siddarth'), ('TERM', 'xterm-256color'), ('GNOME_DESKTOP_SESSION_ID', 'this-is-deprecated'), ('ROS_LOCALHOST_ONLY', '0'), ('PATH', '/opt/ros/humble/bin:/usr/local/sbin:/usr/local/bin:/usr/sbin:/usr/bin:/sbin:/bin:/usr/games:/usr/local/games:/snap/bin:/snap/bin:/opt/ros/humble/lib/controller_manager'), ('SESSION_MANAGER', 'local/siddarth:@/tmp/.ICE-unix/1525,unix/siddarth:/tmp/.ICE-unix/1525'), ('XDG_MENU_PREFIX', 'gnome-'), ('GNOME_TERMINAL_SCREEN', '/org/gnome/Terminal/screen/570dc623_8be0_4007_89d1_550797868955'), ('GNOME_SETUP_DISPLAY', ':1'), ('XDG_RUNTIME_DIR', '/run/user/1000'), ('DISPLAY', ':0'), ('LANG', 'en_US.UTF-8'), ('XDG_CURRENT_DESKTOP', 'ubuntu:GNOME'), ('XMODIFIERS', '@im=ibus'), ('XDG_SESSION_DESKTOP', 'ubuntu'), ('XAUTHORITY', '/run/user/1000/.mutter-Xwaylandauth.IDFZR2'), ('LS_COLORS', 'rs=0:di=01;34:ln=01;36:mh=00:pi=40;33:so=01;35:do=01;35:bd=40;33;01:cd=40;33;01:or=40;31;01:mi=00:su=37;41:sg=30;43:ca=30;41:tw=30;42:ow=34;42:st=37;44:ex=01;32:*.tar=01;31:*.tgz=01;31:*.arc=01;31:*.arj=01;31:*.taz=01;31:*.lha=01;31:*.lz4=01;31:*.lzh=01;31:*.lzma=01;31:*.tlz=01;31:*.txz=01;31:*.tzo=01;31:*.t7z=01;31:*.zip=01;31:*.z=01;31:*.dz=01;31:*.gz=01;31:*.lrz=01;31:*.lz=01;31:*.lzo=01;31:*.xz=01;31:*.zst=01;31:*.tzst=01;31:*.bz2=01;31:*.bz=01;31:*.tbz=01;31:*.tbz2=01;31:*.tz=01;31:*.deb=01;31:*.rpm=01;31:*.jar=01;31:*.war=01;31:*.ear=01;31:*.sar=01;31:*.rar=01;31:*.alz=01;31:*.ace=01;31:*.zoo=01;31:*.cpio=01;31:*.7z=01;31:*.rz=01;31:*.cab=01;31:*.wim=01;31:*.swm=01;31:*.dwm=01;31:*.esd=01;31:*.jpg=01;35:*.jpeg=01;35:*.mjpg=01;35:*.mjpeg=01;35:*.gif=01;35:*.bmp=01;35:*.pbm=01;35:*.pgm=01;35:*.ppm=01;35:*.tga=01;35:*.xbm=01;35:*.xpm=01;35:*.tif=01;35:*.tiff=01;35:*.png=01;35:*.svg=01;35:*.svgz=01;35:*.mng=01;35:*.pcx=01;35:*.mov=01;35:*.mpg=01;35:*.mpeg=01;35:*.m2v=01;35:*.mkv=01;35:*.webm=01;35:*.webp=01;35:*.ogm=01;35:*.mp4=01;35:*.m4v=01;35:*.mp4v=01;35:*.vob=01;35:*.qt=01;35:*.nuv=01;35:*.wmv=01;35:*.asf=01;35:*.rm=01;35:*.rmvb=01;35:*.flc=01;35:*.avi=01;35:*.fli=01;35:*.flv=01;35:*.gl=01;35:*.dl=01;35:*.xcf=01;35:*.xwd=01;35:*.yuv=01;35:*.cgm=01;35:*.emf=01;35:*.ogv=01;35:*.ogx=01;35:*.aac=00;36:*.au=00;36:*.flac=00;36:*.m4a=00;36:*.mid=00;36:*.midi=00;36:*.mka=00;36:*.mp3=00;36:*.mpc=00;36:*.ogg=00;36:*.ra=00;36:*.wav=00;36:*.oga=00;36:*.opus=00;36:*.spx=00;36:*.xspf=00;36:'), ('GNOME_TERMINAL_SERVICE', ':1.124'), ('SSH_AGENT_LAUNCHER', 'gnome-keyring'), ('SSH_AUTH_SOCK', '/run/user/1000/keyring/ssh'), ('AMENT_PREFIX_PATH', '/opt/ros/humble'), ('SHELL', '/bin/bash'), ('QT_ACCESSIBILITY', '1'), ('GDMSESSION', 'ubuntu'), ('LESSCLOSE', '/usr/bin/lesspipe %s %s'), ('QT_IM_MODULE', 'ibus'), ('PWD', '/home/siddarth/ws_ddmobile/build/mobile_dd_robot'), ('LC_ALL', 'en_US.UTF-8'), ('XDG_CONFIG_DIRS', '/etc/xdg/xdg-ubuntu:/etc/xdg'), ('XDG_DATA_DIRS', '/usr/share/ubuntu:/usr/local/share/:/usr/share/:/var/lib/snapd/desktop'), ('PYTHONPATH', '/opt/ros/humble/lib/python3.10/site-packages:/opt/ros/humble/local/lib/python3.10/dist-packages'), ('COLCON', '1'), ('VTE_VERSION', '6800')]), 'shell': False}
[0.031566] (mobile_dd_robot) StdoutLine: {'line': b'-- Found ament_cmake: 1.3.9 (/opt/ros/humble/share/ament_cmake/cmake)\n'}
[0.099378] (-) TimerEvent: {}
[0.133476] (mobile_dd_robot) StdoutLine: {'line': b'-- Found ament_lint_auto: 0.12.11 (/opt/ros/humble/share/ament_lint_auto/cmake)\n'}
[0.174952] (mobile_dd_robot) StderrLine: {'line': b"Error parsing '/home/siddarth/ws_ddmobile/src/mobile_dd_robot/package.xml':\n"}
[0.199494] (-) TimerEvent: {}
[0.210710] (mobile_dd_robot) StderrLine: {'line': b'Traceback (most recent call last):\n'}
[0.210887] (mobile_dd_robot) StderrLine: {'line': b'  File "/usr/lib/python3/dist-packages/catkin_pkg/package.py", line 610, in parse_package_string\n'}
[0.211112] (mobile_dd_robot) StderrLine: {'line': b'    root = dom.parseString(data)\n'}
[0.211201] (mobile_dd_robot) StderrLine: {'line': b'  File "/usr/lib/python3.10/xml/dom/minidom.py", line 2000, in parseString\n'}
[0.211608] (mobile_dd_robot) StderrLine: {'line': b'    return expatbuilder.parseString(string)\n'}
[0.211718] (mobile_dd_robot) StderrLine: {'line': b'  File "/usr/lib/python3.10/xml/dom/expatbuilder.py", line 925, in parseString\n'}
[0.212003] (mobile_dd_robot) StderrLine: {'line': b'    return builder.parseString(string)\n'}
[0.212178] (mobile_dd_robot) StderrLine: {'line': b'  File "/usr/lib/python3.10/xml/dom/expatbuilder.py", line 223, in parseString\n'}
[0.212293] (mobile_dd_robot) StderrLine: {'line': b'    parser.Parse(string, True)\n'}
[0.212360] (mobile_dd_robot) StderrLine: {'line': b'xml.parsers.expat.ExpatError: not well-formed (invalid token): line 1, column 1\n'}
[0.212423] (mobile_dd_robot) StderrLine: {'line': b'\n'}
[0.212481] (mobile_dd_robot) StderrLine: {'line': b'During handling of the above exception, another exception occurred:\n'}
[0.212536] (mobile_dd_robot) StderrLine: {'line': b'\n'}
[0.212591] (mobile_dd_robot) StderrLine: {'line': b'Traceback (most recent call last):\n'}
[0.212644] (mobile_dd_robot) StderrLine: {'line': b'  File "/opt/ros/humble/share/ament_cmake_core/cmake/core/package_xml_2_cmake.py", line 150, in <module>\n'}
[0.212697] (mobile_dd_robot) StderrLine: {'line': b'    main()\n'}
[0.212748] (mobile_dd_robot) StderrLine: {'line': b'  File "/opt/ros/humble/share/ament_cmake_core/cmake/core/package_xml_2_cmake.py", line 53, in main\n'}
[0.212799] (mobile_dd_robot) StderrLine: {'line': b'    raise e\n'}
[0.212849] (mobile_dd_robot) StderrLine: {'line': b'  File "/opt/ros/humble/share/ament_cmake_core/cmake/core/package_xml_2_cmake.py", line 49, in main\n'}
[0.212903] (mobile_dd_robot) StderrLine: {'line': b'    package = parse_package_string(\n'}
[0.212956] (mobile_dd_robot) StderrLine: {'line': b'  File "/usr/lib/python3/dist-packages/catkin_pkg/package.py", line 612, in parse_package_string\n'}
[0.213007] (mobile_dd_robot) StderrLine: {'line': b"    raise InvalidPackage('The manifest contains invalid XML:\\n%s' % ex, filename)\n"}
[0.213057] (mobile_dd_robot) StderrLine: {'line': b"catkin_pkg.package.InvalidPackage: Error(s) in package '/home/siddarth/ws_ddmobile/src/mobile_dd_robot/package.xml':\n"}
[0.213099] (mobile_dd_robot) StderrLine: {'line': b'The manifest contains invalid XML:\n'}
[0.213140] (mobile_dd_robot) StderrLine: {'line': b'not well-formed (invalid token): line 1, column 1\n'}
[0.224869] (mobile_dd_robot) StderrLine: {'line': b'\x1b[31mCMake Error at /opt/ros/humble/share/ament_cmake_core/cmake/core/ament_package_xml.cmake:95 (message):\n'}
[0.225218] (mobile_dd_robot) StderrLine: {'line': b'  execute_process(/usr/bin/python3\n'}
[0.225288] (mobile_dd_robot) StderrLine: {'line': b'  /opt/ros/humble/share/ament_cmake_core/cmake/core/package_xml_2_cmake.py\n'}
[0.225372] (mobile_dd_robot) StderrLine: {'line': b'  /home/siddarth/ws_ddmobile/src/mobile_dd_robot/package.xml\n'}
[0.225433] (mobile_dd_robot) StderrLine: {'line': b'  /home/siddarth/ws_ddmobile/build/mobile_dd_robot/ament_cmake_core/package.cmake)\n'}
[0.225491] (mobile_dd_robot) StderrLine: {'line': b'  returned error code 1\n'}
[0.225578] (mobile_dd_robot) StderrLine: {'line': b'Call Stack (most recent call first):\n'}
[0.225645] (mobile_dd_robot) StderrLine: {'line': b'  /opt/ros/humble/share/ament_cmake_core/cmake/core/ament_package_xml.cmake:49 (_ament_package_xml)\n'}
[0.225700] (mobile_dd_robot) StderrLine: {'line': b'  /opt/ros/humble/share/ament_lint_auto/cmake/ament_lint_auto_find_test_dependencies.cmake:31 (ament_package_xml)\n'}
[0.225761] (mobile_dd_robot) StderrLine: {'line': b'  CMakeLists.txt:29 (ament_lint_auto_find_test_dependencies)\n'}
[0.225814] (mobile_dd_robot) StderrLine: {'line': b'\n'}
[0.225868] (mobile_dd_robot) StderrLine: {'line': b'\x1b[0m\n'}
[0.225928] (mobile_dd_robot) StdoutLine: {'line': b'-- Configuring incomplete, errors occurred!\n'}
[0.225994] (mobile_dd_robot) StdoutLine: {'line': b'See also "/home/siddarth/ws_ddmobile/build/mobile_dd_robot/CMakeFiles/CMakeOutput.log".\n'}
[0.228843] (mobile_dd_robot) StderrLine: {'line': b'gmake: *** [Makefile:226: cmake_check_build_system] Error 1\n'}
[0.231421] (mobile_dd_robot) CommandEnded: {'returncode': 2}
[0.231754] (mobile_dd_robot) JobEnded: {'identifier': 'mobile_dd_robot', 'rc': 2}
[0.242162] (-) EventReactorShutdown: {}
