[0.009s] Invoking command in '/home/siddarth/ws_ddmobile/build/mobile_dd_robot': /usr/bin/cmake --build /home/siddarth/ws_ddmobile/build/mobile_dd_robot -- -j12 -l12
[0.031s] -- Found ament_cmake: 1.3.9 (/opt/ros/humble/share/ament_cmake/cmake)
[0.133s] -- Found ament_lint_auto: 0.12.11 (/opt/ros/humble/share/ament_lint_auto/cmake)
[0.175s] Error parsing '/home/siddarth/ws_ddmobile/src/mobile_dd_robot/package.xml':
[0.211s] Traceback (most recent call last):
[0.211s]   File "/usr/lib/python3/dist-packages/catkin_pkg/package.py", line 610, in parse_package_string
[0.211s]     root = dom.parseString(data)
[0.211s]   File "/usr/lib/python3.10/xml/dom/minidom.py", line 2000, in parseString
[0.211s]     return expatbuilder.parseString(string)
[0.211s]   File "/usr/lib/python3.10/xml/dom/expatbuilder.py", line 925, in parseString
[0.212s]     return builder.parseString(string)
[0.212s]   File "/usr/lib/python3.10/xml/dom/expatbuilder.py", line 223, in parseString
[0.212s]     parser.Parse(string, True)
[0.212s] xml.parsers.expat.ExpatError: not well-formed (invalid token): line 1, column 1
[0.212s] 
[0.212s] During handling of the above exception, another exception occurred:
[0.212s] 
[0.212s] Traceback (most recent call last):
[0.212s]   File "/opt/ros/humble/share/ament_cmake_core/cmake/core/package_xml_2_cmake.py", line 150, in <module>
[0.212s]     main()
[0.212s]   File "/opt/ros/humble/share/ament_cmake_core/cmake/core/package_xml_2_cmake.py", line 53, in main
[0.213s]     raise e
[0.213s]   File "/opt/ros/humble/share/ament_cmake_core/cmake/core/package_xml_2_cmake.py", line 49, in main
[0.213s]     package = parse_package_string(
[0.213s]   File "/usr/lib/python3/dist-packages/catkin_pkg/package.py", line 612, in parse_package_string
[0.213s]     raise InvalidPackage('The manifest contains invalid XML:\n%s' % ex, filename)
[0.213s] catkin_pkg.package.InvalidPackage: Error(s) in package '/home/siddarth/ws_ddmobile/src/mobile_dd_robot/package.xml':
[0.213s] The manifest contains invalid XML:
[0.213s] not well-formed (invalid token): line 1, column 1
[0.225s] [31mCMake Error at /opt/ros/humble/share/ament_cmake_core/cmake/core/ament_package_xml.cmake:95 (message):
[0.225s]   execute_process(/usr/bin/python3
[0.225s]   /opt/ros/humble/share/ament_cmake_core/cmake/core/package_xml_2_cmake.py
[0.225s]   /home/siddarth/ws_ddmobile/src/mobile_dd_robot/package.xml
[0.225s]   /home/siddarth/ws_ddmobile/build/mobile_dd_robot/ament_cmake_core/package.cmake)
[0.225s]   returned error code 1
[0.225s] Call Stack (most recent call first):
[0.225s]   /opt/ros/humble/share/ament_cmake_core/cmake/core/ament_package_xml.cmake:49 (_ament_package_xml)
[0.225s]   /opt/ros/humble/share/ament_lint_auto/cmake/ament_lint_auto_find_test_dependencies.cmake:31 (ament_package_xml)
[0.225s]   CMakeLists.txt:29 (ament_lint_auto_find_test_dependencies)
[0.226s] 
[0.226s] [0m
[0.226s] -- Configuring incomplete, errors occurred!
[0.226s] See also "/home/siddarth/ws_ddmobile/build/mobile_dd_robot/CMakeFiles/CMakeOutput.log".
[0.229s] gmake: *** [Makefile:226: cmake_check_build_system] Error 1
[0.231s] Invoked command in '/home/siddarth/ws_ddmobile/build/mobile_dd_robot' returned '2': /usr/bin/cmake --build /home/siddarth/ws_ddmobile/build/mobile_dd_robot -- -j12 -l12
